Archive member included to satisfy reference by file (symbol)

startup/libea_startup_thumb.a(consol.o)
                              main.o (simplePrintf)
startup/libea_startup_thumb.a(framework.o)
                              main.o (printf_init)
startup/libea_startup_thumb.a(startup.o)
                              (_startup)
irq/irq_handler.a(irq_handler.o)
                              functionals.o (IRQ_PutNextSample)
c:/embedded/tools/bin/../lib/gcc/arm-none-eabi/7.3.1\libgcc.a(_udivsi3.o)
                              game.o (__aeabi_uidiv)
c:/embedded/tools/bin/../lib/gcc/arm-none-eabi/7.3.1\libgcc.a(_dvmd_tls.o)
                              c:/embedded/tools/bin/../lib/gcc/arm-none-eabi/7.3.1\libgcc.a(_udivsi3.o) (__aeabi_idiv0)
c:/embedded/tools/bin/../lib/gcc/arm-none-eabi/7.3.1/../../../../arm-none-eabi/lib\libc_nano.a(lib_a-atoi.o)
                              startup/libea_startup_thumb.a(consol.o) (atoi)
c:/embedded/tools/bin/../lib/gcc/arm-none-eabi/7.3.1/../../../../arm-none-eabi/lib\libc_nano.a(lib_a-strlen.o)
                              startup/libea_startup_thumb.a(consol.o) (strlen)
c:/embedded/tools/bin/../lib/gcc/arm-none-eabi/7.3.1/../../../../arm-none-eabi/lib\libc_nano.a(lib_a-strtol.o)
                              c:/embedded/tools/bin/../lib/gcc/arm-none-eabi/7.3.1/../../../../arm-none-eabi/lib\libc_nano.a(lib_a-atoi.o) (_strtol_r)
c:/embedded/tools/bin/../lib/gcc/arm-none-eabi/7.3.1/../../../../arm-none-eabi/lib\libc_nano.a(lib_a-impure.o)
                              c:/embedded/tools/bin/../lib/gcc/arm-none-eabi/7.3.1/../../../../arm-none-eabi/lib\libc_nano.a(lib_a-strtol.o) (_impure_ptr)
c:/embedded/tools/bin/../lib/gcc/arm-none-eabi/7.3.1/../../../../arm-none-eabi/lib\libc_nano.a(lib_a-locale.o)
                              c:/embedded/tools/bin/../lib/gcc/arm-none-eabi/7.3.1/../../../../arm-none-eabi/lib\libc_nano.a(lib_a-strtol.o) (__locale_ctype_ptr_l)
c:/embedded/tools/bin/../lib/gcc/arm-none-eabi/7.3.1/../../../../arm-none-eabi/lib\libc_nano.a(lib_a-mbtowc_r.o)
                              c:/embedded/tools/bin/../lib/gcc/arm-none-eabi/7.3.1/../../../../arm-none-eabi/lib\libc_nano.a(lib_a-locale.o) (__ascii_mbtowc)
c:/embedded/tools/bin/../lib/gcc/arm-none-eabi/7.3.1/../../../../arm-none-eabi/lib\libc_nano.a(lib_a-strcmp.o)
                              c:/embedded/tools/bin/../lib/gcc/arm-none-eabi/7.3.1/../../../../arm-none-eabi/lib\libc_nano.a(lib_a-locale.o) (strcmp)
c:/embedded/tools/bin/../lib/gcc/arm-none-eabi/7.3.1/../../../../arm-none-eabi/lib\libc_nano.a(lib_a-wctomb_r.o)
                              c:/embedded/tools/bin/../lib/gcc/arm-none-eabi/7.3.1/../../../../arm-none-eabi/lib\libc_nano.a(lib_a-locale.o) (__ascii_wctomb)
c:/embedded/tools/bin/../lib/gcc/arm-none-eabi/7.3.1/../../../../arm-none-eabi/lib\libc_nano.a(lib_a-ctype_.o)
                              c:/embedded/tools/bin/../lib/gcc/arm-none-eabi/7.3.1/../../../../arm-none-eabi/lib\libc_nano.a(lib_a-locale.o) (_ctype_)

Allocating common symbols
Common symbol       size              file

pHeapEnd            0x4               startup/libea_startup_thumb.a(framework.o)
pHeapStart          0x4               startup/libea_startup_thumb.a(framework.o)

Memory Configuration

Name             Origin             Length             Attributes
FLASH            0x00000000         0x00080000         xr
RAM              0x40000000         0x00008000         rw
*default*        0x00000000         0xffffffff

Linker script and memory map

LOAD adc.o
LOAD lcd_hw.o
LOAD lcd.o
LOAD joystick.o
LOAD mat.o
LOAD pwm.o
LOAD i2c.o
LOAD ledi2c.o
LOAD game.o
LOAD dac.o
LOAD functionals.o
LOAD watchdog.o
LOAD ethdrv_ENC28J60.o
LOAD main.o
LOAD startup/libea_startup_thumb.a
LOAD irq/irq_handler.a
LOAD c:/embedded/tools/bin/../lib/gcc/arm-none-eabi/7.3.1/../../../../arm-none-eabi/lib\libstdc++_nano.a
LOAD c:/embedded/tools/bin/../lib/gcc/arm-none-eabi/7.3.1/../../../../arm-none-eabi/lib\libm.a
START GROUP
LOAD c:/embedded/tools/bin/../lib/gcc/arm-none-eabi/7.3.1\libgcc.a
LOAD c:/embedded/tools/bin/../lib/gcc/arm-none-eabi/7.3.1/../../../../arm-none-eabi/lib\libc_nano.a
END GROUP
START GROUP
LOAD c:/embedded/tools/bin/../lib/gcc/arm-none-eabi/7.3.1\libgcc.a
LOAD c:/embedded/tools/bin/../lib/gcc/arm-none-eabi/7.3.1/../../../../arm-none-eabi/lib\libc_nano.a
LOAD c:/embedded/tools/bin/../lib/gcc/arm-none-eabi/7.3.1/../../../../arm-none-eabi/lib\libnosys.a
END GROUP
START GROUP
LOAD c:/embedded/tools/bin/../lib/gcc/arm-none-eabi/7.3.1\libgcc.a
LOAD c:/embedded/tools/bin/../lib/gcc/arm-none-eabi/7.3.1/../../../../arm-none-eabi/lib\libc_nano.a
LOAD c:/embedded/tools/bin/../lib/gcc/arm-none-eabi/7.3.1/../../../../arm-none-eabi/lib\libnosys.a
END GROUP

.text           0x00000000     0x4728
 *startup.o(.text)
 .text          0x00000000      0x1bc startup/libea_startup_thumb.a(startup.o)
                0x00000000                _startup
 *(.text)
 .text          0x000001bc      0x280 adc.o
                0x000001bc                getAnalogueInputAdc0
                0x0000027c                getAnalogueInputAdc1
                0x0000033c                initAdc
 .text          0x0000043c      0x15c lcd_hw.o
                0x0000043c                sendToLCD
                0x00000514                initSpiForLcd
                0x00000560                selectLCD
 .text          0x00000598      0x9ec lcd.o
                0x00000598                lcdInit
                0x0000069c                lcdClrscr
                0x00000708                lcdOff
                0x0000072c                lcdColor
                0x00000764                lcdMirror
                0x0000080c                lcdRect
                0x000008b6                lcdRectBrd
                0x00000a02                lcdIcon
                0x00000b32                lcdDrawIcon
                0x00000bfa                lcdGotoxy
                0x00000e98                lcdPutchar
                0x00000f0c                lcdPuts
                0x00000f3c                lcdWrcmd
                0x00000f60                lcdWrdata
 .text          0x00000f84       0xc4 joystick.o
                0x00000f84                joystickInit
                0x00000fbc                getJoystickState
 .text          0x00001048       0xe0 mat.o
                0x00001048                initRedDiod
                0x00001074                setRedDiodState
                0x000010b8                initBlueDiod
                0x000010e4                setBlueDiodState
 .text          0x00001128      0x1ac pwm.o
                0x00001128                blinkGreenLed
 .text          0x000012d4      0x93c i2c.o
                0x000012d4                i2cCheckStatus
                0x00001314                i2cInit
                0x00001394                i2cStart
                0x00001444                i2cRepeatStart
                0x000014f8                i2cStop
                0x00001540                i2cPutChar
                0x000015a8                i2cGetChar
                0x00001648                i2cWrite
                0x000018e8                i2cWriteWithWait
                0x0000195e                i2cMyWrite
                0x00001a2e                i2cRead
 .text          0x00001c10      0x2c0 ledi2c.o
                0x00001c10                winLEDMovement
 .text          0x00001ed0      0x898 game.o
                0x00001ed0                setLcdBackgound
                0x00001f48                initGame
                0x00001fe0                endGame
                0x000020e8                updateScreen
                0x0000235c                moveLeft
                0x0000243c                moveUp
                0x0000251c                moveRight
                0x000025fc                moveDown
                0x000026dc                resetGame
 .text          0x00002768       0xac dac.o
                0x00002768                initDac
                0x000027bc                putNextSample
 .text          0x00002814      0x1e4 functionals.o
                0x00002814                getAccelerationDirection
                0x00002910                playBackgroundSoundtrack
                0x00002990                delay_ms
 .text          0x000029f8       0x58 watchdog.o
                0x000029f8                initWatchdog
                0x00002a30                touchWatchdog
 .text          0x00002a50      0x738 ethdrv_ENC28J60.o
                0x00002a50                selectEthSpi
                0x00002a70                unselectEthSpi
                0x00002b2e                changeBank
                0x00002b7a                sendSpi
                0x00002bc4                ReadControlRegister
                0x00002c10                ReadControlRegisterMacMii
                0x00002c68                WriteControlRegister
                0x00002d40                initENC28J60
                0x00002e78                sendResult
 .text          0x00003188      0x284 main.o
                0x00003188                main
 .text          0x0000340c      0xce8 startup/libea_startup_thumb.a(consol.o)
                0x000037c0                consolInit
                0x00003858                consolSendChar
                0x000038a8                consolSendCh
                0x000038ec                consolSendString
                0x00003938                consolSendNumber
                0x00003b64                simplePrintf
                0x00003ba4                consolGetCh
                0x00003be8                consolGetChar
                0x00003c44                consolGetString
                0x00003cf4                consolGetIntNum
                0x00003f44                consolScanf
 .text          0x000040f4      0x45c startup/libea_startup_thumb.a(framework.o)
                0x00004248                exceptionHandlerInit
                0x000042d8                lowLevelInit
                0x000044bc                printf_init
 .text          0x00004550       0x50 irq/irq_handler.a(irq_handler.o)
                0x00004550                IRQ_PutNextSample
 .text          0x000045a0      0x114 c:/embedded/tools/bin/../lib/gcc/arm-none-eabi/7.3.1\libgcc.a(_udivsi3.o)
                0x000045a0                __aeabi_uidiv
                0x000045a0                __udivsi3
                0x00004694                __aeabi_uidivmod
 .text          0x000046b4        0x4 c:/embedded/tools/bin/../lib/gcc/arm-none-eabi/7.3.1\libgcc.a(_dvmd_tls.o)
                0x000046b4                __aeabi_idiv0
                0x000046b4                __aeabi_ldiv0
 .text          0x000046b8        0x0 c:/embedded/tools/bin/../lib/gcc/arm-none-eabi/7.3.1/../../../../arm-none-eabi/lib\libc_nano.a(lib_a-atoi.o)
 .text          0x000046b8        0xe c:/embedded/tools/bin/../lib/gcc/arm-none-eabi/7.3.1/../../../../arm-none-eabi/lib\libc_nano.a(lib_a-strlen.o)
                0x000046b8                strlen
 .text          0x000046c6        0x0 c:/embedded/tools/bin/../lib/gcc/arm-none-eabi/7.3.1/../../../../arm-none-eabi/lib\libc_nano.a(lib_a-strtol.o)
 .text          0x000046c6        0x0 c:/embedded/tools/bin/../lib/gcc/arm-none-eabi/7.3.1/../../../../arm-none-eabi/lib\libc_nano.a(lib_a-impure.o)
 .text          0x000046c6        0x0 c:/embedded/tools/bin/../lib/gcc/arm-none-eabi/7.3.1/../../../../arm-none-eabi/lib\libc_nano.a(lib_a-locale.o)
 .text          0x000046c6        0x0 c:/embedded/tools/bin/../lib/gcc/arm-none-eabi/7.3.1/../../../../arm-none-eabi/lib\libc_nano.a(lib_a-mbtowc_r.o)
 *fill*         0x000046c6        0x2 00000000
 .text          0x000046c8       0x1c c:/embedded/tools/bin/../lib/gcc/arm-none-eabi/7.3.1/../../../../arm-none-eabi/lib\libc_nano.a(lib_a-strcmp.o)
                0x000046c8                strcmp
 .text          0x000046e4        0x0 c:/embedded/tools/bin/../lib/gcc/arm-none-eabi/7.3.1/../../../../arm-none-eabi/lib\libc_nano.a(lib_a-wctomb_r.o)
 .text          0x000046e4        0x0 c:/embedded/tools/bin/../lib/gcc/arm-none-eabi/7.3.1/../../../../arm-none-eabi/lib\libc_nano.a(lib_a-ctype_.o)
 *fill*         0x000046e4        0x4 00000000
 .text.__stub   0x000046e8       0x38 linker stubs
 *(.glue_7)
 .glue_7        0x00004728        0x0 linker stubs
 *(.glue_7t)
 .glue_7t       0x00004728        0x0 linker stubs

.vfp11_veneer   0x00004728        0x0
 .vfp11_veneer  0x00004728        0x0 linker stubs

.v4_bx          0x00004728        0x0
 .v4_bx         0x00004728        0x0 linker stubs

.iplt           0x00004728        0x0
 .iplt          0x00004728        0x0 adc.o

.text.atoi      0x00004728       0x18
 .text.atoi     0x00004728       0x18 c:/embedded/tools/bin/../lib/gcc/arm-none-eabi/7.3.1/../../../../arm-none-eabi/lib\libc_nano.a(lib_a-atoi.o)
                0x00004728                atoi

.text._atoi_r   0x00004740       0x18
 .text._atoi_r  0x00004740       0x18 c:/embedded/tools/bin/../lib/gcc/arm-none-eabi/7.3.1/../../../../arm-none-eabi/lib\libc_nano.a(lib_a-atoi.o)
                0x00004740                _atoi_r

.text._strtol_l.isra.0
                0x00004758      0x18c
 .text._strtol_l.isra.0
                0x00004758      0x18c c:/embedded/tools/bin/../lib/gcc/arm-none-eabi/7.3.1/../../../../arm-none-eabi/lib\libc_nano.a(lib_a-strtol.o)

.text._strtol_r
                0x000048e4       0x38
 .text._strtol_r
                0x000048e4       0x38 c:/embedded/tools/bin/../lib/gcc/arm-none-eabi/7.3.1/../../../../arm-none-eabi/lib\libc_nano.a(lib_a-strtol.o)
                0x000048e4                _strtol_r

.text.strtol_l  0x0000491c       0x30
 .text.strtol_l
                0x0000491c       0x30 c:/embedded/tools/bin/../lib/gcc/arm-none-eabi/7.3.1/../../../../arm-none-eabi/lib\libc_nano.a(lib_a-strtol.o)
                0x0000491c                strtol_l

.text.strtol    0x0000494c       0x48
 .text.strtol   0x0000494c       0x48 c:/embedded/tools/bin/../lib/gcc/arm-none-eabi/7.3.1/../../../../arm-none-eabi/lib\libc_nano.a(lib_a-strtol.o)
                0x0000494c                strtol

.text._setlocale_r
                0x00004994       0x64
 .text._setlocale_r
                0x00004994       0x64 c:/embedded/tools/bin/../lib/gcc/arm-none-eabi/7.3.1/../../../../arm-none-eabi/lib\libc_nano.a(lib_a-locale.o)
                0x00004994                _setlocale_r

.text.__locale_mb_cur_max
                0x000049f8       0x28
 .text.__locale_mb_cur_max
                0x000049f8       0x28 c:/embedded/tools/bin/../lib/gcc/arm-none-eabi/7.3.1/../../../../arm-none-eabi/lib\libc_nano.a(lib_a-locale.o)
                0x000049f8                __locale_mb_cur_max

.text.__locale_ctype_ptr_l
                0x00004a20        0x8
 .text.__locale_ctype_ptr_l
                0x00004a20        0x8 c:/embedded/tools/bin/../lib/gcc/arm-none-eabi/7.3.1/../../../../arm-none-eabi/lib\libc_nano.a(lib_a-locale.o)
                0x00004a20                __locale_ctype_ptr_l

.text.__locale_ctype_ptr
                0x00004a28       0x28
 .text.__locale_ctype_ptr
                0x00004a28       0x28 c:/embedded/tools/bin/../lib/gcc/arm-none-eabi/7.3.1/../../../../arm-none-eabi/lib\libc_nano.a(lib_a-locale.o)
                0x00004a28                __locale_ctype_ptr

.text.setlocale
                0x00004a50       0x18
 .text.setlocale
                0x00004a50       0x18 c:/embedded/tools/bin/../lib/gcc/arm-none-eabi/7.3.1/../../../../arm-none-eabi/lib\libc_nano.a(lib_a-locale.o)
                0x00004a50                setlocale

.text._mbtowc_r
                0x00004a68       0x34
 .text._mbtowc_r
                0x00004a68       0x34 c:/embedded/tools/bin/../lib/gcc/arm-none-eabi/7.3.1/../../../../arm-none-eabi/lib\libc_nano.a(lib_a-mbtowc_r.o)
                0x00004a68                _mbtowc_r

.text.__ascii_mbtowc
                0x00004a9c       0x40
 .text.__ascii_mbtowc
                0x00004a9c       0x40 c:/embedded/tools/bin/../lib/gcc/arm-none-eabi/7.3.1/../../../../arm-none-eabi/lib\libc_nano.a(lib_a-mbtowc_r.o)
                0x00004a9c                __ascii_mbtowc

.text._wctomb_r
                0x00004adc       0x34
 .text._wctomb_r
                0x00004adc       0x34 c:/embedded/tools/bin/../lib/gcc/arm-none-eabi/7.3.1/../../../../arm-none-eabi/lib\libc_nano.a(lib_a-wctomb_r.o)
                0x00004adc                _wctomb_r

.text.__ascii_wctomb
                0x00004b10       0x2c
 .text.__ascii_wctomb
                0x00004b10       0x2c c:/embedded/tools/bin/../lib/gcc/arm-none-eabi/7.3.1/../../../../arm-none-eabi/lib\libc_nano.a(lib_a-wctomb_r.o)
                0x00004b10                __ascii_wctomb
                0x00004b3c                . = ALIGN (0x4)

.rodata         0x00004b3c      0xb8f
 *(.rodata)
 .rodata        0x00004b3c        0x4 adc.o
 .rodata        0x00004b40      0x55c lcd.o
                0x00004b40                charMap
 .rodata        0x0000509c        0x4 mat.o
 .rodata        0x000050a0      0x394 game.o
                0x000050a0                mapResourceOrigin
 .rodata        0x00005434        0x4 ethdrv_ENC28J60.o
 .rodata        0x00005438       0xb4 main.o
 .rodata        0x000054ec       0x18 startup/libea_startup_thumb.a(consol.o)
 .rodata        0x00005504       0xb6 startup/libea_startup_thumb.a(framework.o)
 *(.rodata*)
 *fill*         0x000055ba        0x2 
 .rodata._global_impure_ptr
                0x000055bc        0x4 c:/embedded/tools/bin/../lib/gcc/arm-none-eabi/7.3.1/../../../../arm-none-eabi/lib\libc_nano.a(lib_a-impure.o)
                0x000055bc                _global_impure_ptr
 .rodata._setlocale_r.str1.1
                0x000055c0        0x8 c:/embedded/tools/bin/../lib/gcc/arm-none-eabi/7.3.1/../../../../arm-none-eabi/lib\libc_nano.a(lib_a-locale.o)
                                  0x9 (size before relaxing)
 .rodata.str1.1
                0x000055c8        0x2 c:/embedded/tools/bin/../lib/gcc/arm-none-eabi/7.3.1/../../../../arm-none-eabi/lib\libc_nano.a(lib_a-locale.o)
 .rodata._ctype_
                0x000055ca      0x101 c:/embedded/tools/bin/../lib/gcc/arm-none-eabi/7.3.1/../../../../arm-none-eabi/lib\libc_nano.a(lib_a-ctype_.o)
                0x000055ca                _ctype_

.rel.dyn        0x000056cc        0x0
 .rel.iplt      0x000056cc        0x0 adc.o
                0x000056cc                . = ALIGN (0x4)
                0x000056cc                _etext = .
                [!provide]                PROVIDE (etext = .)

.data           0x40000080     0x1448 load address 0x000056cc
                0x40000080                _data = .
 *(.data)
 .data          0x40000080        0x0 adc.o
 .data          0x40000080        0x0 lcd_hw.o
 .data          0x40000080        0x0 lcd.o
 .data          0x40000080        0x0 joystick.o
 .data          0x40000080        0x0 mat.o
 .data          0x40000080        0x0 pwm.o
 .data          0x40000080        0x0 i2c.o
 .data          0x40000080        0x0 ledi2c.o
 .data          0x40000080      0x77d game.o
                0x40000080                mapResource
                0x4000040c                backgroundImage
                0x4000049c                earthImage
                0x4000052c                wallImage
                0x400005bc                stoneImage
                0x4000064c                exitImage
                0x400006dc                playerImage
                0x4000076c                diamondImage
 *fill*         0x400007fd        0x3 
 .data          0x40000800      0xca0 dac.o
                0x40000800                soundtrack
 .data          0x400014a0        0x0 functionals.o
 .data          0x400014a0        0x0 watchdog.o
 .data          0x400014a0       0x18 ethdrv_ENC28J60.o
                0x400014a0                SOURCE_MAC
                0x400014a8                TARGET_MAC
                0x400014b0                SOURCE_IP
                0x400014b4                TARGET_IP
 .data          0x400014b8        0x0 main.o
 .data          0x400014b8       0x10 startup/libea_startup_thumb.a(consol.o)
 .data          0x400014c8        0x0 startup/libea_startup_thumb.a(framework.o)
 .data          0x400014c8        0x0 startup/libea_startup_thumb.a(startup.o)
 .data          0x400014c8        0x0 irq/irq_handler.a(irq_handler.o)
 .data          0x400014c8        0x0 c:/embedded/tools/bin/../lib/gcc/arm-none-eabi/7.3.1\libgcc.a(_udivsi3.o)
 .data          0x400014c8        0x0 c:/embedded/tools/bin/../lib/gcc/arm-none-eabi/7.3.1\libgcc.a(_dvmd_tls.o)
 .data          0x400014c8        0x0 c:/embedded/tools/bin/../lib/gcc/arm-none-eabi/7.3.1/../../../../arm-none-eabi/lib\libc_nano.a(lib_a-atoi.o)
 .data          0x400014c8        0x0 c:/embedded/tools/bin/../lib/gcc/arm-none-eabi/7.3.1/../../../../arm-none-eabi/lib\libc_nano.a(lib_a-strlen.o)
 .data          0x400014c8        0x0 c:/embedded/tools/bin/../lib/gcc/arm-none-eabi/7.3.1/../../../../arm-none-eabi/lib\libc_nano.a(lib_a-strtol.o)
 .data          0x400014c8        0x0 c:/embedded/tools/bin/../lib/gcc/arm-none-eabi/7.3.1/../../../../arm-none-eabi/lib\libc_nano.a(lib_a-impure.o)
 .data          0x400014c8        0x0 c:/embedded/tools/bin/../lib/gcc/arm-none-eabi/7.3.1/../../../../arm-none-eabi/lib\libc_nano.a(lib_a-locale.o)
 .data          0x400014c8        0x0 c:/embedded/tools/bin/../lib/gcc/arm-none-eabi/7.3.1/../../../../arm-none-eabi/lib\libc_nano.a(lib_a-mbtowc_r.o)
 .data          0x400014c8        0x0 c:/embedded/tools/bin/../lib/gcc/arm-none-eabi/7.3.1/../../../../arm-none-eabi/lib\libc_nano.a(lib_a-strcmp.o)
 .data          0x400014c8        0x0 c:/embedded/tools/bin/../lib/gcc/arm-none-eabi/7.3.1/../../../../arm-none-eabi/lib\libc_nano.a(lib_a-wctomb_r.o)
 .data          0x400014c8        0x0 c:/embedded/tools/bin/../lib/gcc/arm-none-eabi/7.3.1/../../../../arm-none-eabi/lib\libc_nano.a(lib_a-ctype_.o)

.igot.plt       0x400014c8        0x0 load address 0x00006b14
 .igot.plt      0x400014c8        0x0 adc.o

.data._impure_ptr
                0x400014c8        0x4 load address 0x00006b14
 .data._impure_ptr
                0x400014c8        0x4 c:/embedded/tools/bin/../lib/gcc/arm-none-eabi/7.3.1/../../../../arm-none-eabi/lib\libc_nano.a(lib_a-impure.o)
                0x400014c8                _impure_ptr

.data.impure_data
                0x400014cc       0x60 load address 0x00006b18
 .data.impure_data
                0x400014cc       0x60 c:/embedded/tools/bin/../lib/gcc/arm-none-eabi/7.3.1/../../../../arm-none-eabi/lib\libc_nano.a(lib_a-impure.o)

.data.__global_locale
                0x4000152c      0x16c load address 0x00006b78
 .data.__global_locale
                0x4000152c      0x16c c:/embedded/tools/bin/../lib/gcc/arm-none-eabi/7.3.1/../../../../arm-none-eabi/lib\libc_nano.a(lib_a-locale.o)
                0x4000152c                __global_locale
                0x40001698                . = ALIGN (0x4)
                0x40001698                _edata = .
                [!provide]                PROVIDE (edata = .)

.bss            0x40001698       0x20 load address 0x00006ce4
                0x40001698                _bss = .
                0x40001698                __bss_start = .
                0x40001698                __bss_start__ = .
 *(.bss)
 .bss           0x40001698        0x0 adc.o
 .bss           0x40001698        0x0 lcd_hw.o
 .bss           0x40001698        0x5 lcd.o
 .bss           0x4000169d        0x0 joystick.o
 .bss           0x4000169d        0x0 mat.o
 .bss           0x4000169d        0x0 pwm.o
 .bss           0x4000169d        0x0 i2c.o
 .bss           0x4000169d        0x0 ledi2c.o
 *fill*         0x4000169d        0x3 
 .bss           0x400016a0        0xc game.o
 .bss           0x400016ac        0x4 dac.o
 .bss           0x400016b0        0x0 functionals.o
 .bss           0x400016b0        0x0 watchdog.o
 .bss           0x400016b0        0x0 ethdrv_ENC28J60.o
 .bss           0x400016b0        0x0 main.o
 .bss           0x400016b0        0x0 startup/libea_startup_thumb.a(consol.o)
 .bss           0x400016b0        0x0 startup/libea_startup_thumb.a(framework.o)
 .bss           0x400016b0        0x0 startup/libea_startup_thumb.a(startup.o)
 .bss           0x400016b0        0x0 irq/irq_handler.a(irq_handler.o)
 .bss           0x400016b0        0x0 c:/embedded/tools/bin/../lib/gcc/arm-none-eabi/7.3.1\libgcc.a(_udivsi3.o)
 .bss           0x400016b0        0x0 c:/embedded/tools/bin/../lib/gcc/arm-none-eabi/7.3.1\libgcc.a(_dvmd_tls.o)
 .bss           0x400016b0        0x0 c:/embedded/tools/bin/../lib/gcc/arm-none-eabi/7.3.1/../../../../arm-none-eabi/lib\libc_nano.a(lib_a-atoi.o)
 .bss           0x400016b0        0x0 c:/embedded/tools/bin/../lib/gcc/arm-none-eabi/7.3.1/../../../../arm-none-eabi/lib\libc_nano.a(lib_a-strlen.o)
 .bss           0x400016b0        0x0 c:/embedded/tools/bin/../lib/gcc/arm-none-eabi/7.3.1/../../../../arm-none-eabi/lib\libc_nano.a(lib_a-strtol.o)
 .bss           0x400016b0        0x0 c:/embedded/tools/bin/../lib/gcc/arm-none-eabi/7.3.1/../../../../arm-none-eabi/lib\libc_nano.a(lib_a-impure.o)
 .bss           0x400016b0        0x0 c:/embedded/tools/bin/../lib/gcc/arm-none-eabi/7.3.1/../../../../arm-none-eabi/lib\libc_nano.a(lib_a-locale.o)
 .bss           0x400016b0        0x0 c:/embedded/tools/bin/../lib/gcc/arm-none-eabi/7.3.1/../../../../arm-none-eabi/lib\libc_nano.a(lib_a-mbtowc_r.o)
 .bss           0x400016b0        0x0 c:/embedded/tools/bin/../lib/gcc/arm-none-eabi/7.3.1/../../../../arm-none-eabi/lib\libc_nano.a(lib_a-strcmp.o)
 .bss           0x400016b0        0x0 c:/embedded/tools/bin/../lib/gcc/arm-none-eabi/7.3.1/../../../../arm-none-eabi/lib\libc_nano.a(lib_a-wctomb_r.o)
 .bss           0x400016b0        0x0 c:/embedded/tools/bin/../lib/gcc/arm-none-eabi/7.3.1/../../../../arm-none-eabi/lib\libc_nano.a(lib_a-ctype_.o)
 *(COMMON)
 COMMON         0x400016b0        0x8 startup/libea_startup_thumb.a(framework.o)
                0x400016b0                pHeapEnd
                0x400016b4                pHeapStart
                0x400016b8                . = ALIGN (0x4)
                0x400016b8                . = ALIGN (0x4)
                0x400016b8                __bss_end = .
                0x400016b8                __bss_end__ = .
                0x400016b8                _end = .
                0x400016b8                PROVIDE (end = .)

.bss._PathLocale
                0x400016b8        0x4 load address 0x00006d04
 .bss._PathLocale
                0x400016b8        0x4 c:/embedded/tools/bin/../lib/gcc/arm-none-eabi/7.3.1/../../../../arm-none-eabi/lib\libc_nano.a(lib_a-locale.o)
                0x400016b8                _PathLocale

.stab           0x00000000      0x3b4
 *(.stab)
 .stab          0x00000000      0x3b4 startup/libea_startup_thumb.a(startup.o)

.stabstr        0x00000000       0x51
 *(.stabstr)
 .stabstr       0x00000000       0x51 startup/libea_startup_thumb.a(startup.o)

.stab.excl
 *(.stab.excl)

.stab.exclstr
 *(.stab.exclstr)

.stab.index
 *(.stab.index)

.stab.indexstr
 *(.stab.indexstr)

.comment        0x00000000       0x7f
 *(.comment)
 .comment       0x00000000       0x7f adc.o
                                 0x80 (size before relaxing)
 .comment       0x0000007f       0x80 lcd_hw.o
 .comment       0x0000007f       0x80 lcd.o
 .comment       0x0000007f       0x80 joystick.o
 .comment       0x0000007f       0x80 mat.o
 .comment       0x0000007f       0x80 pwm.o
 .comment       0x0000007f       0x80 i2c.o
 .comment       0x0000007f       0x80 ledi2c.o
 .comment       0x0000007f       0x80 game.o
 .comment       0x0000007f       0x80 dac.o
 .comment       0x0000007f       0x80 functionals.o
 .comment       0x0000007f       0x80 watchdog.o
 .comment       0x0000007f       0x80 ethdrv_ENC28J60.o
 .comment       0x0000007f       0x80 main.o
 .comment       0x0000007f       0x80 startup/libea_startup_thumb.a(consol.o)
 .comment       0x0000007f       0x80 startup/libea_startup_thumb.a(framework.o)
 .comment       0x0000007f       0x80 irq/irq_handler.a(irq_handler.o)

.ARM.attributes
                0x00000000       0x2e
 .ARM.attributes
                0x00000000       0x30 adc.o
 .ARM.attributes
                0x00000030       0x30 lcd_hw.o
 .ARM.attributes
                0x00000060       0x30 lcd.o
 .ARM.attributes
                0x00000090       0x30 joystick.o
 .ARM.attributes
                0x000000c0       0x30 mat.o
 .ARM.attributes
                0x000000f0       0x30 pwm.o
 .ARM.attributes
                0x00000120       0x30 i2c.o
 .ARM.attributes
                0x00000150       0x30 ledi2c.o
 .ARM.attributes
                0x00000180       0x30 game.o
 .ARM.attributes
                0x000001b0       0x30 dac.o
 .ARM.attributes
                0x000001e0       0x30 functionals.o
 .ARM.attributes
                0x00000210       0x30 watchdog.o
 .ARM.attributes
                0x00000240       0x30 ethdrv_ENC28J60.o
 .ARM.attributes
                0x00000270       0x30 main.o
 .ARM.attributes
                0x000002a0       0x30 startup/libea_startup_thumb.a(consol.o)
 .ARM.attributes
                0x000002d0       0x30 startup/libea_startup_thumb.a(framework.o)
 .ARM.attributes
                0x00000300       0x20 startup/libea_startup_thumb.a(startup.o)
 .ARM.attributes
                0x00000320       0x30 irq/irq_handler.a(irq_handler.o)
 .ARM.attributes
                0x00000350       0x18 c:/embedded/tools/bin/../lib/gcc/arm-none-eabi/7.3.1\libgcc.a(_udivsi3.o)
 .ARM.attributes
                0x00000368       0x18 c:/embedded/tools/bin/../lib/gcc/arm-none-eabi/7.3.1\libgcc.a(_dvmd_tls.o)
 .ARM.attributes
                0x00000380       0x30 c:/embedded/tools/bin/../lib/gcc/arm-none-eabi/7.3.1/../../../../arm-none-eabi/lib\libc_nano.a(lib_a-atoi.o)
 .ARM.attributes
                0x000003b0       0x1c c:/embedded/tools/bin/../lib/gcc/arm-none-eabi/7.3.1/../../../../arm-none-eabi/lib\libc_nano.a(lib_a-strlen.o)
 .ARM.attributes
                0x000003cc       0x30 c:/embedded/tools/bin/../lib/gcc/arm-none-eabi/7.3.1/../../../../arm-none-eabi/lib\libc_nano.a(lib_a-strtol.o)
 .ARM.attributes
                0x000003fc       0x30 c:/embedded/tools/bin/../lib/gcc/arm-none-eabi/7.3.1/../../../../arm-none-eabi/lib\libc_nano.a(lib_a-impure.o)
 .ARM.attributes
                0x0000042c       0x30 c:/embedded/tools/bin/../lib/gcc/arm-none-eabi/7.3.1/../../../../arm-none-eabi/lib\libc_nano.a(lib_a-locale.o)
 .ARM.attributes
                0x0000045c       0x30 c:/embedded/tools/bin/../lib/gcc/arm-none-eabi/7.3.1/../../../../arm-none-eabi/lib\libc_nano.a(lib_a-mbtowc_r.o)
 .ARM.attributes
                0x0000048c       0x16 c:/embedded/tools/bin/../lib/gcc/arm-none-eabi/7.3.1/../../../../arm-none-eabi/lib\libc_nano.a(lib_a-strcmp.o)
 .ARM.attributes
                0x000004a2       0x30 c:/embedded/tools/bin/../lib/gcc/arm-none-eabi/7.3.1/../../../../arm-none-eabi/lib\libc_nano.a(lib_a-wctomb_r.o)
 .ARM.attributes
                0x000004d2       0x30 c:/embedded/tools/bin/../lib/gcc/arm-none-eabi/7.3.1/../../../../arm-none-eabi/lib\libc_nano.a(lib_a-ctype_.o)

.debug
 *(.debug)

.line
 *(.line)

.debug_srcinfo
 *(.debug_srcinfo)

.debug_sfnames
 *(.debug_sfnames)

.debug_aranges  0x00000000      0x220
 *(.debug_aranges)
 .debug_aranges
                0x00000000       0x20 adc.o
 .debug_aranges
                0x00000020       0x20 lcd_hw.o
 .debug_aranges
                0x00000040       0x20 lcd.o
 .debug_aranges
                0x00000060       0x20 joystick.o
 .debug_aranges
                0x00000080       0x20 mat.o
 .debug_aranges
                0x000000a0       0x20 pwm.o
 .debug_aranges
                0x000000c0       0x20 i2c.o
 .debug_aranges
                0x000000e0       0x20 ledi2c.o
 .debug_aranges
                0x00000100       0x20 game.o
 .debug_aranges
                0x00000120       0x20 dac.o
 .debug_aranges
                0x00000140       0x20 functionals.o
 .debug_aranges
                0x00000160       0x20 watchdog.o
 .debug_aranges
                0x00000180       0x20 ethdrv_ENC28J60.o
 .debug_aranges
                0x000001a0       0x20 main.o
 .debug_aranges
                0x000001c0       0x20 startup/libea_startup_thumb.a(consol.o)
 .debug_aranges
                0x000001e0       0x20 startup/libea_startup_thumb.a(framework.o)
 .debug_aranges
                0x00000200       0x20 irq/irq_handler.a(irq_handler.o)

.debug_pubnames
 *(.debug_pubnames)

.debug_info     0x00000000     0x2fe0
 *(.debug_info .gnu.linkonce.wi.*)
 .debug_info    0x00000000      0x179 adc.o
 .debug_info    0x00000179      0x119 lcd_hw.o
 .debug_info    0x00000292      0x6ae lcd.o
 .debug_info    0x00000940       0xad joystick.o
 .debug_info    0x000009ed      0x122 mat.o
 .debug_info    0x00000b0f       0xdd pwm.o
 .debug_info    0x00000bec      0x4a4 i2c.o
 .debug_info    0x00001090       0xe8 ledi2c.o
 .debug_info    0x00001178      0x4cb game.o
 .debug_info    0x00001643       0xed dac.o
 .debug_info    0x00001730      0x1c6 functionals.o
 .debug_info    0x000018f6       0xa4 watchdog.o
 .debug_info    0x0000199a      0x4a8 ethdrv_ENC28J60.o
 .debug_info    0x00001e42      0x12b main.o
 .debug_info    0x00001f6d      0xe27 startup/libea_startup_thumb.a(consol.o)
 .debug_info    0x00002d94      0x1cd startup/libea_startup_thumb.a(framework.o)
 .debug_info    0x00002f61       0x7f irq/irq_handler.a(irq_handler.o)

.debug_abbrev   0x00000000     0x10a6
 *(.debug_abbrev)
 .debug_abbrev  0x00000000       0xd3 adc.o
 .debug_abbrev  0x000000d3       0xc6 lcd_hw.o
 .debug_abbrev  0x00000199      0x1be lcd.o
 .debug_abbrev  0x00000357       0x92 joystick.o
 .debug_abbrev  0x000003e9       0xa8 mat.o
 .debug_abbrev  0x00000491       0x8a pwm.o
 .debug_abbrev  0x0000051b      0x175 i2c.o
 .debug_abbrev  0x00000690       0x93 ledi2c.o
 .debug_abbrev  0x00000723      0x132 game.o
 .debug_abbrev  0x00000855       0xaf dac.o
 .debug_abbrev  0x00000904       0xda functionals.o
 .debug_abbrev  0x000009de       0x76 watchdog.o
 .debug_abbrev  0x00000a54      0x1b5 ethdrv_ENC28J60.o
 .debug_abbrev  0x00000c09       0x92 main.o
 .debug_abbrev  0x00000c9b      0x2df startup/libea_startup_thumb.a(consol.o)
 .debug_abbrev  0x00000f7a       0xdd startup/libea_startup_thumb.a(framework.o)
 .debug_abbrev  0x00001057       0x4f irq/irq_handler.a(irq_handler.o)

.debug_line     0x00000000      0xf61
 *(.debug_line)
 .debug_line    0x00000000       0xa2 adc.o
 .debug_line    0x000000a2       0x6f lcd_hw.o
 .debug_line    0x00000111      0x21a lcd.o
 .debug_line    0x0000032b       0x5c joystick.o
 .debug_line    0x00000387       0x5b mat.o
 .debug_line    0x000003e2       0x5c pwm.o
 .debug_line    0x0000043e      0x1ad i2c.o
 .debug_line    0x000005eb       0xac ledi2c.o
 .debug_line    0x00000697      0x1bd game.o
 .debug_line    0x00000854       0x63 dac.o
 .debug_line    0x000008b7       0x9c functionals.o
 .debug_line    0x00000953       0x50 watchdog.o
 .debug_line    0x000009a3      0x15d ethdrv_ENC28J60.o
 .debug_line    0x00000b00       0xd6 main.o
 .debug_line    0x00000bd6      0x279 startup/libea_startup_thumb.a(consol.o)
 .debug_line    0x00000e4f       0xc0 startup/libea_startup_thumb.a(framework.o)
 .debug_line    0x00000f0f       0x52 irq/irq_handler.a(irq_handler.o)

.debug_frame    0x00000000     0x1048
 *(.debug_frame)
 .debug_frame   0x00000000       0x78 adc.o
 .debug_frame   0x00000078       0x6c lcd_hw.o
 .debug_frame   0x000000e4      0x298 lcd.o
 .debug_frame   0x0000037c       0x4c joystick.o
 .debug_frame   0x000003c8       0x88 mat.o
 .debug_frame   0x00000450       0x38 pwm.o
 .debug_frame   0x00000488      0x1b0 i2c.o
 .debug_frame   0x00000638       0x38 ledi2c.o
 .debug_frame   0x00000670      0x138 game.o
 .debug_frame   0x000007a8       0x4c dac.o
 .debug_frame   0x000007f4       0x74 functionals.o
 .debug_frame   0x00000868       0x4c watchdog.o
 .debug_frame   0x000008b4      0x19c ethdrv_ENC28J60.o
 .debug_frame   0x00000a50       0x30 main.o
 .debug_frame   0x00000a80      0x254 startup/libea_startup_thumb.a(consol.o)
 .debug_frame   0x00000cd4      0x120 startup/libea_startup_thumb.a(framework.o)
 .debug_frame   0x00000df4       0x44 irq/irq_handler.a(irq_handler.o)
 .debug_frame   0x00000e38       0x20 c:/embedded/tools/bin/../lib/gcc/arm-none-eabi/7.3.1\libgcc.a(_udivsi3.o)
 .debug_frame   0x00000e58       0x48 c:/embedded/tools/bin/../lib/gcc/arm-none-eabi/7.3.1/../../../../arm-none-eabi/lib\libc_nano.a(lib_a-atoi.o)
 .debug_frame   0x00000ea0       0x9c c:/embedded/tools/bin/../lib/gcc/arm-none-eabi/7.3.1/../../../../arm-none-eabi/lib\libc_nano.a(lib_a-strtol.o)
 .debug_frame   0x00000f3c       0x6c c:/embedded/tools/bin/../lib/gcc/arm-none-eabi/7.3.1/../../../../arm-none-eabi/lib\libc_nano.a(lib_a-locale.o)
 .debug_frame   0x00000fa8       0x44 c:/embedded/tools/bin/../lib/gcc/arm-none-eabi/7.3.1/../../../../arm-none-eabi/lib\libc_nano.a(lib_a-mbtowc_r.o)
 .debug_frame   0x00000fec       0x20 c:/embedded/tools/bin/../lib/gcc/arm-none-eabi/7.3.1/../../../../arm-none-eabi/lib\libc_nano.a(lib_a-strcmp.o)
 .debug_frame   0x0000100c       0x3c c:/embedded/tools/bin/../lib/gcc/arm-none-eabi/7.3.1/../../../../arm-none-eabi/lib\libc_nano.a(lib_a-wctomb_r.o)

.debug_str      0x00000000     0x10a4
 *(.debug_str)
 .debug_str     0x00000000      0x184 adc.o
                                0x19d (size before relaxing)
 .debug_str     0x00000184       0x57 lcd_hw.o
                                0x168 (size before relaxing)
 .debug_str     0x000001db      0x17c lcd.o
                                0x2a8 (size before relaxing)
 .debug_str     0x00000357       0x56 joystick.o
                                0x110 (size before relaxing)
 .debug_str     0x000003ad       0x46 mat.o
                                0x169 (size before relaxing)
 .debug_str     0x000003f3       0x45 pwm.o
                                0x15c (size before relaxing)
 .debug_str     0x00000438       0xef i2c.o
                                0x21d (size before relaxing)
 .debug_str     0x00000527       0x25 ledi2c.o
                                0x143 (size before relaxing)
 .debug_str     0x0000054c      0x1f0 game.o
                                0x30d (size before relaxing)
 .debug_str     0x0000073c       0x3a dac.o
                                0x14c (size before relaxing)
 .debug_str     0x00000776       0x83 functionals.o
                                0x1e2 (size before relaxing)
 .debug_str     0x000007f9       0x2f watchdog.o
                                0x13b (size before relaxing)
 .debug_str     0x00000828      0x178 ethdrv_ENC28J60.o
                                0x2e9 (size before relaxing)
 .debug_str     0x000009a0        0xc main.o
                                0x170 (size before relaxing)
 .debug_str     0x000009ac      0x601 startup/libea_startup_thumb.a(consol.o)
                                0x6c6 (size before relaxing)
 .debug_str     0x00000fad       0xb5 startup/libea_startup_thumb.a(framework.o)
                                0x18d (size before relaxing)
 .debug_str     0x00001062       0x42 irq/irq_handler.a(irq_handler.o)
                                0x128 (size before relaxing)

.debug_loc      0x00000000     0x14d8
 *(.debug_loc)
 .debug_loc     0x00000000       0xa8 adc.o
 .debug_loc     0x000000a8       0x9c lcd_hw.o
 .debug_loc     0x00000144      0x404 lcd.o
 .debug_loc     0x00000548       0x64 joystick.o
 .debug_loc     0x000005ac       0xc8 mat.o
 .debug_loc     0x00000674       0x38 pwm.o
 .debug_loc     0x000006ac      0x288 i2c.o
 .debug_loc     0x00000934       0x3a ledi2c.o
 .debug_loc     0x0000096e      0x1f8 game.o
 .debug_loc     0x00000b66       0x64 dac.o
 .debug_loc     0x00000bca       0x9c functionals.o
 .debug_loc     0x00000c66       0x64 watchdog.o
 .debug_loc     0x00000cca      0x252 ethdrv_ENC28J60.o
 .debug_loc     0x00000f1c       0x38 main.o
 .debug_loc     0x00000f54      0x3a4 startup/libea_startup_thumb.a(consol.o)
 .debug_loc     0x000012f8      0x1a8 startup/libea_startup_thumb.a(framework.o)
 .debug_loc     0x000014a0       0x38 irq/irq_handler.a(irq_handler.o)

.debug_macinfo
 *(.debug_macinfo)

.debug_weaknames
 *(.debug_weaknames)

.debug_funcnames
 *(.debug_funcnames)

.debug_typenames
 *(.debug_typenames)

.debug_varnames
 *(.debug_varnames)
OUTPUT(MiniDemo2138.elf elf32-littlearm)

.debug_ranges   0x00000000       0x60
 .debug_ranges  0x00000000       0x60 game.o

Cross Reference Table

Symbol                                            File
IRQ_PutNextSample                                 irq/irq_handler.a(irq_handler.o)
                                                  functionals.o
ReadControlRegister                               ethdrv_ENC28J60.o
ReadControlRegisterMacMii                         ethdrv_ENC28J60.o
SOURCE_IP                                         ethdrv_ENC28J60.o
SOURCE_MAC                                        ethdrv_ENC28J60.o
TARGET_IP                                         ethdrv_ENC28J60.o
TARGET_MAC                                        ethdrv_ENC28J60.o
WriteControlRegister                              ethdrv_ENC28J60.o
_PathLocale                                       c:/embedded/tools/bin/../lib/gcc/arm-none-eabi/7.3.1/../../../../arm-none-eabi/lib\libc_nano.a(lib_a-locale.o)
__aeabi_idiv0                                     c:/embedded/tools/bin/../lib/gcc/arm-none-eabi/7.3.1\libgcc.a(_dvmd_tls.o)
                                                  c:/embedded/tools/bin/../lib/gcc/arm-none-eabi/7.3.1\libgcc.a(_udivsi3.o)
__aeabi_ldiv0                                     c:/embedded/tools/bin/../lib/gcc/arm-none-eabi/7.3.1\libgcc.a(_dvmd_tls.o)
__aeabi_uidiv                                     c:/embedded/tools/bin/../lib/gcc/arm-none-eabi/7.3.1\libgcc.a(_udivsi3.o)
                                                  startup/libea_startup_thumb.a(consol.o)
                                                  game.o
__aeabi_uidivmod                                  c:/embedded/tools/bin/../lib/gcc/arm-none-eabi/7.3.1\libgcc.a(_udivsi3.o)
                                                  c:/embedded/tools/bin/../lib/gcc/arm-none-eabi/7.3.1/../../../../arm-none-eabi/lib\libc_nano.a(lib_a-strtol.o)
                                                  startup/libea_startup_thumb.a(consol.o)
                                                  game.o
__ascii_mbtowc                                    c:/embedded/tools/bin/../lib/gcc/arm-none-eabi/7.3.1/../../../../arm-none-eabi/lib\libc_nano.a(lib_a-mbtowc_r.o)
                                                  c:/embedded/tools/bin/../lib/gcc/arm-none-eabi/7.3.1/../../../../arm-none-eabi/lib\libc_nano.a(lib_a-locale.o)
__ascii_wctomb                                    c:/embedded/tools/bin/../lib/gcc/arm-none-eabi/7.3.1/../../../../arm-none-eabi/lib\libc_nano.a(lib_a-wctomb_r.o)
                                                  c:/embedded/tools/bin/../lib/gcc/arm-none-eabi/7.3.1/../../../../arm-none-eabi/lib\libc_nano.a(lib_a-locale.o)
__bss_end__                                       startup/libea_startup_thumb.a(startup.o)
__bss_start__                                     startup/libea_startup_thumb.a(startup.o)
__global_locale                                   c:/embedded/tools/bin/../lib/gcc/arm-none-eabi/7.3.1/../../../../arm-none-eabi/lib\libc_nano.a(lib_a-locale.o)
                                                  c:/embedded/tools/bin/../lib/gcc/arm-none-eabi/7.3.1/../../../../arm-none-eabi/lib\libc_nano.a(lib_a-wctomb_r.o)
                                                  c:/embedded/tools/bin/../lib/gcc/arm-none-eabi/7.3.1/../../../../arm-none-eabi/lib\libc_nano.a(lib_a-mbtowc_r.o)
                                                  c:/embedded/tools/bin/../lib/gcc/arm-none-eabi/7.3.1/../../../../arm-none-eabi/lib\libc_nano.a(lib_a-strtol.o)
__locale_ctype_ptr                                c:/embedded/tools/bin/../lib/gcc/arm-none-eabi/7.3.1/../../../../arm-none-eabi/lib\libc_nano.a(lib_a-locale.o)
__locale_ctype_ptr_l                              c:/embedded/tools/bin/../lib/gcc/arm-none-eabi/7.3.1/../../../../arm-none-eabi/lib\libc_nano.a(lib_a-locale.o)
                                                  c:/embedded/tools/bin/../lib/gcc/arm-none-eabi/7.3.1/../../../../arm-none-eabi/lib\libc_nano.a(lib_a-strtol.o)
__locale_mb_cur_max                               c:/embedded/tools/bin/../lib/gcc/arm-none-eabi/7.3.1/../../../../arm-none-eabi/lib\libc_nano.a(lib_a-locale.o)
__sf_fake_stderr                                  c:/embedded/tools/bin/../lib/gcc/arm-none-eabi/7.3.1/../../../../arm-none-eabi/lib\libc_nano.a(lib_a-impure.o)
__sf_fake_stdin                                   c:/embedded/tools/bin/../lib/gcc/arm-none-eabi/7.3.1/../../../../arm-none-eabi/lib\libc_nano.a(lib_a-impure.o)
__sf_fake_stdout                                  c:/embedded/tools/bin/../lib/gcc/arm-none-eabi/7.3.1/../../../../arm-none-eabi/lib\libc_nano.a(lib_a-impure.o)
__udivsi3                                         c:/embedded/tools/bin/../lib/gcc/arm-none-eabi/7.3.1\libgcc.a(_udivsi3.o)
_atoi_r                                           c:/embedded/tools/bin/../lib/gcc/arm-none-eabi/7.3.1/../../../../arm-none-eabi/lib\libc_nano.a(lib_a-atoi.o)
_ctype_                                           c:/embedded/tools/bin/../lib/gcc/arm-none-eabi/7.3.1/../../../../arm-none-eabi/lib\libc_nano.a(lib_a-ctype_.o)
                                                  c:/embedded/tools/bin/../lib/gcc/arm-none-eabi/7.3.1/../../../../arm-none-eabi/lib\libc_nano.a(lib_a-locale.o)
_data                                             startup/libea_startup_thumb.a(startup.o)
_edata                                            startup/libea_startup_thumb.a(startup.o)
_etext                                            startup/libea_startup_thumb.a(startup.o)
_global_impure_ptr                                c:/embedded/tools/bin/../lib/gcc/arm-none-eabi/7.3.1/../../../../arm-none-eabi/lib\libc_nano.a(lib_a-impure.o)
_impure_ptr                                       c:/embedded/tools/bin/../lib/gcc/arm-none-eabi/7.3.1/../../../../arm-none-eabi/lib\libc_nano.a(lib_a-impure.o)
                                                  c:/embedded/tools/bin/../lib/gcc/arm-none-eabi/7.3.1/../../../../arm-none-eabi/lib\libc_nano.a(lib_a-wctomb_r.o)
                                                  c:/embedded/tools/bin/../lib/gcc/arm-none-eabi/7.3.1/../../../../arm-none-eabi/lib\libc_nano.a(lib_a-mbtowc_r.o)
                                                  c:/embedded/tools/bin/../lib/gcc/arm-none-eabi/7.3.1/../../../../arm-none-eabi/lib\libc_nano.a(lib_a-locale.o)
                                                  c:/embedded/tools/bin/../lib/gcc/arm-none-eabi/7.3.1/../../../../arm-none-eabi/lib\libc_nano.a(lib_a-strtol.o)
_mbtowc_r                                         c:/embedded/tools/bin/../lib/gcc/arm-none-eabi/7.3.1/../../../../arm-none-eabi/lib\libc_nano.a(lib_a-mbtowc_r.o)
_setlocale_r                                      c:/embedded/tools/bin/../lib/gcc/arm-none-eabi/7.3.1/../../../../arm-none-eabi/lib\libc_nano.a(lib_a-locale.o)
_startup                                          startup/libea_startup_thumb.a(startup.o)
_strtol_r                                         c:/embedded/tools/bin/../lib/gcc/arm-none-eabi/7.3.1/../../../../arm-none-eabi/lib\libc_nano.a(lib_a-strtol.o)
                                                  c:/embedded/tools/bin/../lib/gcc/arm-none-eabi/7.3.1/../../../../arm-none-eabi/lib\libc_nano.a(lib_a-atoi.o)
_wctomb_r                                         c:/embedded/tools/bin/../lib/gcc/arm-none-eabi/7.3.1/../../../../arm-none-eabi/lib\libc_nano.a(lib_a-wctomb_r.o)
atoi                                              c:/embedded/tools/bin/../lib/gcc/arm-none-eabi/7.3.1/../../../../arm-none-eabi/lib\libc_nano.a(lib_a-atoi.o)
                                                  startup/libea_startup_thumb.a(consol.o)
backgroundImage                                   game.o
blinkGreenLed                                     pwm.o
                                                  main.o
changeBank                                        ethdrv_ENC28J60.o
charMap                                           lcd.o
consolGetCh                                       startup/libea_startup_thumb.a(consol.o)
consolGetChar                                     startup/libea_startup_thumb.a(consol.o)
consolGetIntNum                                   startup/libea_startup_thumb.a(consol.o)
consolGetString                                   startup/libea_startup_thumb.a(consol.o)
consolInit                                        startup/libea_startup_thumb.a(consol.o)
                                                  startup/libea_startup_thumb.a(framework.o)
consolScanf                                       startup/libea_startup_thumb.a(consol.o)
consolSendCh                                      startup/libea_startup_thumb.a(consol.o)
consolSendChar                                    startup/libea_startup_thumb.a(consol.o)
consolSendNumber                                  startup/libea_startup_thumb.a(consol.o)
                                                  startup/libea_startup_thumb.a(framework.o)
consolSendString                                  startup/libea_startup_thumb.a(consol.o)
                                                  startup/libea_startup_thumb.a(framework.o)
delay_ms                                          functionals.o
                                                  main.o
                                                  ethdrv_ENC28J60.o
                                                  ledi2c.o
                                                  pwm.o
                                                  lcd.o
                                                  adc.o
diamondImage                                      game.o
earthImage                                        game.o
end                                               startup/libea_startup_thumb.a(framework.o)
endGame                                           game.o
exceptionHandlerInit                              startup/libea_startup_thumb.a(framework.o)
                                                  startup/libea_startup_thumb.a(startup.o)
exitImage                                         game.o
getAccelerationDirection                          functionals.o
                                                  main.o
getAnalogueInputAdc0                              adc.o
                                                  functionals.o
getAnalogueInputAdc1                              adc.o
                                                  functionals.o
getJoystickState                                  joystick.o
                                                  main.o
i2cCheckStatus                                    i2c.o
i2cGetChar                                        i2c.o
i2cInit                                           i2c.o
                                                  main.o
i2cMyWrite                                        i2c.o
i2cPutChar                                        i2c.o
                                                  ledi2c.o
i2cRead                                           i2c.o
i2cRepeatStart                                    i2c.o
i2cStart                                          i2c.o
                                                  ledi2c.o
i2cStop                                           i2c.o
                                                  ledi2c.o
i2cWrite                                          i2c.o
i2cWriteWithWait                                  i2c.o
initAdc                                           adc.o
                                                  main.o
initBlueDiod                                      mat.o
                                                  main.o
initDac                                           dac.o
                                                  functionals.o
initENC28J60                                      ethdrv_ENC28J60.o
                                                  main.o
initGame                                          game.o
                                                  main.o
initRedDiod                                       mat.o
                                                  main.o
initSpiForLcd                                     lcd_hw.o
                                                  lcd.o
initWatchdog                                      watchdog.o
                                                  main.o
joystickInit                                      joystick.o
                                                  main.o
lcdClrscr                                         lcd.o
lcdColor                                          lcd.o
                                                  main.o
                                                  game.o
lcdDrawIcon                                       lcd.o
                                                  game.o
lcdGotoxy                                         lcd.o
                                                  game.o
lcdIcon                                           lcd.o
lcdInit                                           lcd.o
                                                  main.o
lcdMirror                                         lcd.o
                                                  main.o
lcdOff                                            lcd.o
lcdPutchar                                        lcd.o
                                                  game.o
lcdPuts                                           lcd.o
                                                  game.o
lcdRect                                           lcd.o
lcdRectBrd                                        lcd.o
lcdWrcmd                                          lcd.o
lcdWrdata                                         lcd.o
lowLevelInit                                      startup/libea_startup_thumb.a(framework.o)
                                                  startup/libea_startup_thumb.a(startup.o)
main                                              main.o
                                                  startup/libea_startup_thumb.a(startup.o)
mapResource                                       game.o
mapResourceOrigin                                 game.o
moveDown                                          game.o
                                                  main.o
moveLeft                                          game.o
                                                  main.o
moveRight                                         game.o
                                                  main.o
moveUp                                            game.o
                                                  main.o
pHeapEnd                                          startup/libea_startup_thumb.a(framework.o)
pHeapStart                                        startup/libea_startup_thumb.a(framework.o)
playBackgroundSoundtrack                          functionals.o
                                                  main.o
playerImage                                       game.o
printf_init                                       startup/libea_startup_thumb.a(framework.o)
                                                  main.o
putNextSample                                     dac.o
                                                  irq/irq_handler.a(irq_handler.o)
resetGame                                         game.o
                                                  main.o
selectEthSpi                                      ethdrv_ENC28J60.o
selectLCD                                         lcd_hw.o
                                                  lcd.o
sendResult                                        ethdrv_ENC28J60.o
                                                  game.o
sendSpi                                           ethdrv_ENC28J60.o
sendToLCD                                         lcd_hw.o
                                                  lcd.o
setBlueDiodState                                  mat.o
                                                  main.o
setLcdBackgound                                   game.o
                                                  main.o
setRedDiodState                                   mat.o
                                                  main.o
setlocale                                         c:/embedded/tools/bin/../lib/gcc/arm-none-eabi/7.3.1/../../../../arm-none-eabi/lib\libc_nano.a(lib_a-locale.o)
simplePrintf                                      startup/libea_startup_thumb.a(consol.o)
                                                  main.o
soundtrack                                        dac.o
stoneImage                                        game.o
strcmp                                            c:/embedded/tools/bin/../lib/gcc/arm-none-eabi/7.3.1/../../../../arm-none-eabi/lib\libc_nano.a(lib_a-strcmp.o)
                                                  c:/embedded/tools/bin/../lib/gcc/arm-none-eabi/7.3.1/../../../../arm-none-eabi/lib\libc_nano.a(lib_a-locale.o)
strlen                                            c:/embedded/tools/bin/../lib/gcc/arm-none-eabi/7.3.1/../../../../arm-none-eabi/lib\libc_nano.a(lib_a-strlen.o)
                                                  startup/libea_startup_thumb.a(consol.o)
strtol                                            c:/embedded/tools/bin/../lib/gcc/arm-none-eabi/7.3.1/../../../../arm-none-eabi/lib\libc_nano.a(lib_a-strtol.o)
                                                  c:/embedded/tools/bin/../lib/gcc/arm-none-eabi/7.3.1/../../../../arm-none-eabi/lib\libc_nano.a(lib_a-atoi.o)
strtol_l                                          c:/embedded/tools/bin/../lib/gcc/arm-none-eabi/7.3.1/../../../../arm-none-eabi/lib\libc_nano.a(lib_a-strtol.o)
touchWatchdog                                     watchdog.o
                                                  main.o
                                                  ethdrv_ENC28J60.o
unselectEthSpi                                    ethdrv_ENC28J60.o
updateScreen                                      game.o
                                                  main.o
wallImage                                         game.o
winLEDMovement                                    ledi2c.o
                                                  main.o
                                                  game.o
